NOTE: PROCEDURE PRINTTO used (Total process time):
      real time           0.00 seconds
      user cpu time       0.00 seconds
      system cpu time     0.00 seconds
      memory              97.25k
      OS Memory           58632.00k
      Timestamp           08/05/2026 08:43:37 PM
      Step Count                        1445  Switch Count  0
      Page Faults                       0
      Page Reclaims                     7
      Page Swaps                        0
      Voluntary Context Switches        3
      Involuntary Context Switches      0
      Block Input Operations            0
      Block Output Operations           0
      

NOTE: GDP UNPIVOT LIST = Y_1960, Y_1961, Y_1962, Y_1963, Y_1964, Y_1965, Y_1966, Y_1967, Y_1968, Y_1969, Y_1970, Y_1971, Y_1972, 
Y_1973, Y_1974, Y_1975, Y_1976, Y_1977, Y_1978, Y_1979, Y_1980, Y_1981, Y_1982, Y_1983, Y_1984, Y_1985, Y_1986, Y_1987, Y_1988, 
Y_1989, Y_1990, Y_1991, Y_1992, Y_1993, Y_1994, Y_1995, Y_1996, Y_1997, Y_1998, Y_1999, Y_2000, Y_2001, Y_2002, Y_2003, Y_2004, 
Y_2005, Y_2006, Y_2007, Y_2008, Y_2009, Y_2010, Y_2011, Y_2012, Y_2013, Y_2014, Y_2015, Y_2016, Y_2017, Y_2018, Y_2019, Y_2020, 
Y_2021, Y_2022
NOTE:  Credential obtained from Viya credentials service.
NOTE: Libref ORALIB was successfully assigned as follows: 
      Engine:        ORACLE 
      Physical Name: //server.demo.sas.com:1521/ORCL
NOTE:  Credential obtained from Viya credentials service.
 
ORACLE_1: Executed: on connection 1
begin execute immediate 'drop table countries_pop_gdp'; exception when others then if sqlcode != -942 then raise; end if; end;
 
 
26                                                         The SAS System                     Wednesday, August  5, 2026 01:43:38 PM

Summary Statistics for ORACLE are:
Total SQL execution seconds were:                   0.093013
Total seconds used by the ORACLE ACCESS engine were     0.093392
 
 
ORACLE_2: Executed: on connection 1
begin execute immediate 'drop table country_lookup'; exception when others then if sqlcode != -942 then raise; end if; end;
 
 
Summary Statistics for ORACLE are:
Total SQL execution seconds were:                   0.023306
Total seconds used by the ORACLE ACCESS engine were     0.023725
 
 
ORACLE_3: Executed: on connection 1
create table countries_pop_gdp as with population_indicators as ( select coalesce(p.country_code, g.country_code) as country_code, 
p.country_name as country_name, coalesce(p.year, g.year) as year, p.population as population, (g.pop_pct_growth / 100) as 
pop_growth from ( select country_code, country_name, year, population from population where year in 
(2000,2002,2004,2006,2008,2010,2012,2014,2016,2018,2021,2022) ) p full outer join ( select country_code, year, pop_pct_growth from 
pop_growth where year in (2000,2002,2004,2006,2008,2010,2012,2014,2016,2018,2021,2022) ) g on p.country_code = g.country_code and 
p.year = g.year ), countries_pop_indicators as ( select p.country_code as country_code, c.short_name as short_name, c.table_name as 
sortable_name, c.long_name as long_name, c.alpha_2_code as alpha_2_code, c.region as region, c.income_group as income_group, 
c.wb_2_code as wb_2_code, p.country_name as country_name, p.year as year, p.population as population, p.pop_growth as pop_growth 
from population_indicators p left join countries c on p.country_code = c.country_code ), gdp_long_all_years as ( select 
country_code, country_name, indicator_code, indicator_name, to_number(substr(year_char, 3)) as year, gdp from gdp_wide unpivot 
include nulls ( gdp for year_char in ( Y_1960, Y_1961, Y_1962, Y_1963, Y_1964, Y_1965, Y_1966, Y_1967, Y_1968, Y_1969, Y_1970, 
Y_1971, Y_1972, Y_1973, Y_1974, Y_1975, Y_1976, Y_1977, Y_1978, Y_1979, Y_1980, Y_1981, Y_1982, Y_1983, Y_1984, Y_1985, Y_1986, 
Y_1987, Y_1988, Y_1989, Y_1990, Y_1991, Y_1992, Y_1993, Y_1994, Y_1995, Y_1996, Y_1997, Y_1998, Y_1999, Y_2000, Y_2001, Y_2002, 
Y_2003, Y_2004, Y_2005, Y_2006, Y_2007, Y_2008, Y_2009, Y_2010, Y_2011, Y_2012, Y_2013, Y_2014, Y_2015, Y_2016, Y_2017, Y_2018, 
Y_2019, Y_2020, Y_2021, Y_2022 ) ) ), gdp_with_lag as ( select country_code, country_name, indicator_code, indicator_name, year, 
gdp, lag(gdp) over ( partition by country_code order by year ) as lagged_gdp from gdp_long_all_years ), gdp_filtered as ( select 
country_code, country_name, year, gdp, case when gdp is null then null when lagged_gdp is null then null when lagged_gdp = 0 then 
null else (gdp - lagged_gdp) / lagged_gdp end as gdp_pct_change, lagged_gdp from gdp_with_lag where year in 
(2000,2002,2004,2006,2008,2010,2012,2014,2016,2018,2021,2022) ), countries_pop_gdp_partial as ( select c.country_code, 
c.short_name, c.sortable_name, c.long_name, c.alpha_2_code, c.region, c.income_group, c.wb_2_code, c.country_name, c.year, 
c.population, c.pop_growth, g.gdp, g.gdp_pct_change, g.lagged_gdp from countries_pop_indicators c left join gdp_filtered g on 
c.country_code = g.country_code and c.year = g.year ) select country_code, short_name, sortable_name, long_name, alpha_2_code, 
region, income_group, wb_2_code, country_name, year, population, pop_growth, gdp, gdp_pct_change, lagged_gdp, sum(gdp) over ( 
partition by year ) as world_gdp from countries_pop_gdp_partial order by country_code, short_name, sortable_name, long_name 
,alpha_2_code, region ,income_group, wb_2_code, country_name, year, population, pop_growth, gdp, gdp_pct_change, lagged_GDP, 
world_gdp
 
 
Summary Statistics for ORACLE are:
Total SQL execution seconds were:                   0.132524
Total seconds used by the ORACLE ACCESS engine were     0.133571
 
 
ORACLE_4: Executed: on connection 1
create table country_lookup as select r.isoalpha3, w.country_code, r.idname, w.country_name from regions r inner join 
countries_pop_gdp w on r.isoalpha3 = w.country_code union select r.isoalpha3, w.country_code, r.idname, w.country_name from regions 
r inner join countries_pop_gdp w on r.idname = w.country_name
 
 
Summary Statistics for ORACLE are:
Total SQL execution seconds were:                   0.025975
Total seconds used by the ORACLE ACCESS engine were     0.026462
 
27                                                         The SAS System                     Wednesday, August  5, 2026 01:43:38 PM

NOTE: ===PIPELINE_END===
 
ORACLE_5: Prepared: on connection 1
select 'COUNTRIES_POP_GDP' as table_name, count(*) as row_count from countries_pop_gdp union all select 'COUNTRY_LOOKUP' as 
table_name, count(*) as row_count from country_lookup
 
 
ORACLE_6: Executed: on connection 1
SELECT statement  ORACLE_5
 
 
Summary Statistics for ORACLE are:
Total row fetch seconds were:                       0.002008
Total SQL execution seconds were:                   0.000455
Total SQL prepare seconds were:                     0.001672
Total seconds used by the ORACLE ACCESS engine were     0.012082
 
NOTE: The PROCEDURE SQL printed page 360.
NOTE: PROCEDURE SQL used (Total process time):
      real time           0.35 seconds
      user cpu time       0.03 seconds
      system cpu time     0.01 seconds
      memory              9135.84k
      OS Memory           67456.00k
      Timestamp           08/05/2026 08:43:38 PM
      Step Count                        1446  Switch Count  2
      Page Faults                       0
      Page Reclaims                     969
      Page Swaps                        0
      Voluntary Context Switches        68
      Involuntary Context Switches      4
      Block Input Operations            0
      Block Output Operations           16
      

 
ORACLE_7: Prepared: on connection 0
SELECT * FROM COUNTRIES_POP_GDP
 
 
ORACLE_8: Prepared: on connection 0
 select COUNT(*) as countries_pop_gdp_rows from COUNTRIES_POP_GDP TXT_1
 
SQL_IP_TRACE: pushdown attempt # 1
SQL_IP_TRACE: passed down query:    select COUNT(*) as countries_pop_gdp_rows from COUNTRIES_POP_GDP TXT_1
 
Summary Statistics for ORACLE are:
Total SQL prepare seconds were:                     0.011683
Total seconds used by the ORACLE ACCESS engine were     0.014208
 
SQL_IP_TRACE: The SELECT statement was passed to the DBMS.
 
ORACLE_9: Executed: on connection 0
SELECT statement  ORACLE_8
 
ACCESS ENGINE:  SQL statement was passed to the DBMS for fetching data. 
 
Summary Statistics for ORACLE are:
28                                                         The SAS System                     Wednesday, August  5, 2026 01:43:38 PM

Total row fetch seconds were:                       0.000146
Total SQL execution seconds were:                   0.001091
Total SQL prepare seconds were:                     0.000981
Total seconds used by the ORACLE ACCESS engine were     0.008322
 
 
ORACLE_10: Prepared: on connection 0
SELECT * FROM COUNTRY_LOOKUP
 
 
ORACLE_11: Prepared: on connection 0
 select COUNT(*) as country_lookup_rows from COUNTRY_LOOKUP TXT_1
 
SQL_IP_TRACE: pushdown attempt # 1
SQL_IP_TRACE: passed down query:    select COUNT(*) as country_lookup_rows from COUNTRY_LOOKUP TXT_1
 
Summary Statistics for ORACLE are:
Total SQL prepare seconds were:                     0.012174
Total seconds used by the ORACLE ACCESS engine were     0.014709
 
SQL_IP_TRACE: The SELECT statement was passed to the DBMS.
 
ORACLE_12: Executed: on connection 0
SELECT statement  ORACLE_11
 
ACCESS ENGINE:  SQL statement was passed to the DBMS for fetching data. 
 
Summary Statistics for ORACLE are:
Total row fetch seconds were:                       0.000146
Total SQL execution seconds were:                   0.000327
Total SQL prepare seconds were:                     0.001308
Total seconds used by the ORACLE ACCESS engine were     0.006834
 
NOTE: The PROCEDURE SQL printed pages 361-362.
NOTE: PROCEDURE SQL used (Total process time):
      real time           0.04 seconds
      user cpu time       0.01 seconds
      system cpu time     0.01 seconds
      memory              5531.84k
      OS Memory           63756.00k
      Timestamp           08/05/2026 08:43:38 PM
      Step Count                        1447  Switch Count  0
      Page Faults                       0
      Page Reclaims                     474
      Page Swaps                        0
      Voluntary Context Switches        8
      Involuntary Context Switches      1
      Block Input Operations            0
      Block Output Operations           0
      

 
ORACLE_13: Prepared: on connection 0
SELECT * FROM COUNTRIES_POP_GDP
 

 
ORACLE_14: Executed: on connection 0
29                                                         The SAS System                     Wednesday, August  5, 2026 01:43:38 PM

SELECT statement  ORACLE_13
 
NOTE: There were 3192 observations read from the data set ORALIB.COUNTRIES_POP_GDP.
 
Summary Statistics for ORACLE are:
Total row fetch seconds were:                       0.018332
Total SQL execution seconds were:                   0.000246
Total SQL prepare seconds were:                     0.000401
Total seconds used by the ORACLE ACCESS engine were     0.036012
 
NOTE: The data set WORK.NEW_COUNTRIES_POP_GDP has 3192 observations and 16 variables.
NOTE: DATA statement used (Total process time):
      real time           0.03 seconds
      user cpu time       0.02 seconds
      system cpu time     0.02 seconds
      memory              91902.34k
      OS Memory           149904.00k
      Timestamp           08/05/2026 08:43:38 PM
      Step Count                        1448  Switch Count  1
      Page Faults                       0
      Page Reclaims                     9152
      Page Swaps                        0
      Voluntary Context Switches        9
      Involuntary Context Switches      5
      Block Input Operations            0
      Block Output Operations           2184
      

 
ORACLE_15: Prepared: on connection 0
SELECT * FROM COUNTRY_LOOKUP
 

 
ORACLE_16: Executed: on connection 0
SELECT statement  ORACLE_15
 
NOTE: There were 214 observations read from the data set ORALIB.COUNTRY_LOOKUP.
 
Summary Statistics for ORACLE are:
Total row fetch seconds were:                       0.004654
Total SQL execution seconds were:                   0.000270
Total SQL prepare seconds were:                     0.000539
Total seconds used by the ORACLE ACCESS engine were     0.011310
 
NOTE: The data set WORK.NEW_COUNTRY_LOOKUP has 214 observations and 4 variables.
NOTE: DATA statement used (Total process time):
      real time           0.01 seconds
      user cpu time       0.00 seconds
      system cpu time     0.01 seconds
      memory              29333.78k
      OS Memory           87404.00k
      Timestamp           08/05/2026 08:43:38 PM
      Step Count                        1449  Switch Count  1
      Page Faults                       0
      Page Reclaims                     2902
      Page Swaps                        0
      Voluntary Context Switches        7
30                                                         The SAS System                     Wednesday, August  5, 2026 01:43:38 PM

      Involuntary Context Switches      6
      Block Input Operations            0
      Block Output Operations           136
      


NOTE: There were 3192 observations read from the data set WORK.ORIG_COUNTRIES_POP_GDP.
NOTE: SAS sort was used.
NOTE: The data set WORK.ORIG_COUNTRIES_POP_GDP has 3192 observations and 16 variables.
NOTE: PROCEDURE SORT used (Total process time):
      real time           0.00 seconds
      user cpu time       0.01 seconds
      system cpu time     0.00 seconds
      memory              3892.00k
      OS Memory           61204.00k
      Timestamp           08/05/2026 08:43:38 PM
      Step Count                        1450  Switch Count  0
      Page Faults                       0
      Page Reclaims                     447
      Page Swaps                        0
      Voluntary Context Switches        0
      Involuntary Context Switches      2
      Block Input Operations            0
      Block Output Operations           2184
      


NOTE: There were 3192 observations read from the data set WORK.ORIG_COUNTRIES_POP_GDP.
NOTE: There were 3192 observations read from the data set WORK.NEW_COUNTRIES_POP_GDP.
NOTE: The PROCEDURE COMPARE printed page 363.
NOTE: PROCEDURE COMPARE used (Total process time):
      real time           0.01 seconds
      user cpu time       0.01 seconds
      system cpu time     0.00 seconds
      memory              811.84k
      OS Memory           58632.00k
      Timestamp           08/05/2026 08:43:38 PM
      Step Count                        1451  Switch Count  0
      Page Faults                       0
      Page Reclaims                     15
      Page Swaps                        0
      Voluntary Context Switches        0
      Involuntary Context Switches      20
      Block Input Operations            0
      Block Output Operations           8
      


NOTE: There were 214 observations read from the data set WORK.ORIG_COUNTRY_LOOKUP.
NOTE: There were 214 observations read from the data set WORK.NEW_COUNTRY_LOOKUP.
NOTE: The PROCEDURE COMPARE printed page 364.
NOTE: PROCEDURE COMPARE used (Total process time):
      real time           0.00 seconds
      user cpu time       0.00 seconds
      system cpu time     0.00 seconds
      memory              784.28k
      OS Memory           58632.00k
      Timestamp           08/05/2026 08:43:38 PM
31                                                         The SAS System                     Wednesday, August  5, 2026 01:43:38 PM

      Step Count                        1452  Switch Count  0
      Page Faults                       0
      Page Reclaims                     15
      Page Swaps                        0
      Voluntary Context Switches        0
      Involuntary Context Switches      2
      Block Input Operations            0
      Block Output Operations           24
      

NOTE: Libref ORALIB has been deassigned.

