NOTE: PROCEDURE PRINTTO used (Total process time):
      real time           0.00 seconds
      user cpu time       0.00 seconds
      system cpu time     0.00 seconds
      memory              208.28k
      OS Memory           28544.00k
      Timestamp           08/05/2026 04:17:00 AM
      Step Count                        73  Switch Count  0
      Page Faults                       0
      Page Reclaims                     7
      Page Swaps                        0
      Voluntary Context Switches        3
      Involuntary Context Switches      0
      Block Input Operations            0
      Block Output Operations           0
      

 
ORACLE_1: Prepared: on connection 0
select count(*) as table_count from user_tables where table_name = 'COUNTRIES_POP_GDP'
 
 
ORACLE_2: Executed: on connection 0
SELECT statement  ORACLE_1
 
 
Summary Statistics for ORACLE are:
Total row fetch seconds were:                       0.000657
Total SQL execution seconds were:                   0.001247
Total SQL prepare seconds were:                     0.040360
Total seconds used by the ORACLE ACCESS engine were     0.043327
 
 
ORACLE_3: Prepared: on connection 0
7                                                          The SAS System                       Tuesday, August  4, 2026 09:17:00 PM

select count(*) as table_count from user_tables where table_name = 'COUNTRY_LOOKUP'
 
 
ORACLE_4: Executed: on connection 0
SELECT statement  ORACLE_3
 
 
Summary Statistics for ORACLE are:
Total row fetch seconds were:                       0.000592
Total SQL execution seconds were:                   0.001050
Total SQL prepare seconds were:                     0.020459
Total seconds used by the ORACLE ACCESS engine were     0.023186
 
 
ORACLE_5: Prepared: on connection 0
select count(*) as table_count from user_tables where table_name = 'POPULATION_INDICATORS_ORA'
 
 
ORACLE_6: Executed: on connection 0
SELECT statement  ORACLE_5
 
 
Summary Statistics for ORACLE are:
Total row fetch seconds were:                       0.000539
Total SQL execution seconds were:                   0.000943
Total SQL prepare seconds were:                     0.020691
Total seconds used by the ORACLE ACCESS engine were     0.023224
 
 
ORACLE_7: Prepared: on connection 0
select count(*) as table_count from user_tables where table_name = 'POPULATION_CHAR_BACKUP'
 
 
ORACLE_8: Executed: on connection 0
SELECT statement  ORACLE_7
 
 
Summary Statistics for ORACLE are:
Total row fetch seconds were:                       0.000602
Total SQL execution seconds were:                   0.001014
Total SQL prepare seconds were:                     0.020755
Total seconds used by the ORACLE ACCESS engine were     0.023280
 
 
ORACLE_9: Executed: on connection 0
drop table countries_pop_gdp
 
 
Summary Statistics for ORACLE are:
Total SQL execution seconds were:                   0.046566
Total seconds used by the ORACLE ACCESS engine were     0.046877
 
 
ORACLE_10: Executed: on connection 0
drop table country_lookup
 
 
Summary Statistics for ORACLE are:
8                                                          The SAS System                       Tuesday, August  4, 2026 09:17:00 PM

Total SQL execution seconds were:                   0.016582
Total seconds used by the ORACLE ACCESS engine were     0.016939
 
 
ORACLE_11: Executed: on connection 0
drop table POPULATION_CHAR_BACKUP
 
 
Summary Statistics for ORACLE are:
Total SQL execution seconds were:                   0.023236
Total seconds used by the ORACLE ACCESS engine were     0.023534
 
 
ORACLE_12: Executed: on connection 0
create table population_char_backup as select country_code, country_name, to_char(year) as year, population from population
 
 
Summary Statistics for ORACLE are:
Total SQL execution seconds were:                   0.103956
Total seconds used by the ORACLE ACCESS engine were     0.104293
 
NOTE: PROCEDURE SQL used (Total process time):
      real time           1.05 seconds
      user cpu time       0.03 seconds
      system cpu time     0.02 seconds
      memory              4936.56k
      OS Memory           33924.00k
      Timestamp           08/05/2026 04:17:01 AM
      Step Count                        74  Switch Count  4
      Page Faults                       0
      Page Reclaims                     193
      Page Swaps                        0
      Voluntary Context Switches        97
      Involuntary Context Switches      1
      Block Input Operations            0
      Block Output Operations           0
      

NOTE: Libref ORALIB was successfully assigned as follows: 
      Engine:        ORACLE 
      Physical Name: //server.demo.sas.com:1521/ORCL

INFO: COPY with SELECT performance is in use.
 
ORACLE_1: Prepared: on connection 1
SELECT * FROM COUNTRIES
 
 
Summary Statistics for ORACLE are:
Total SQL prepare seconds were:                     0.004745
Total seconds used by the ORACLE ACCESS engine were     0.005015
 
NOTE: Copying ORALIB.COUNTRIES to WORK.COUNTRIES (memtype=DATA).
 
ORACLE_2: Prepared: on connection 0
SELECT * FROM COUNTRIES
 
NOTE: BUFSIZE is not cloned when copying across different engines. System Option for BUFSIZE was used.
9                                                          The SAS System                       Tuesday, August  4, 2026 09:17:01 PM

INFO: Data set block I/O cannot be used because:
INFO:   -  The data sets use different engines, have different variables or have attributes that may differ.
 
ORACLE_3: Executed: on connection 0
SELECT statement  ORACLE_2
 
NOTE: There were 263 observations read from the data set ORALIB.COUNTRIES.
 
Summary Statistics for ORACLE are:
Total row fetch seconds were:                       0.000796
Total SQL execution seconds were:                   0.000212
Total SQL prepare seconds were:                     0.000309
Total seconds used by the ORACLE ACCESS engine were     0.003141
 
NOTE: The data set WORK.COUNTRIES has 263 observations and 8 variables.
 
ORACLE_4: Prepared: on connection 1
SELECT * FROM POPULATION_CHAR_BACKUP
 
 
Summary Statistics for ORACLE are:
Total SQL prepare seconds were:                     0.007064
Total seconds used by the ORACLE ACCESS engine were     0.007350
 
NOTE: Copying ORALIB.POPULATION_CHAR_BACKUP to WORK.POPULATION_CHAR_BACKUP (memtype=DATA).
 
ORACLE_5: Prepared: on connection 0
SELECT * FROM POPULATION_CHAR_BACKUP
 
NOTE: BUFSIZE is not cloned when copying across different engines. System Option for BUFSIZE was used.
INFO: Data set block I/O cannot be used because:
INFO:   -  The data sets use different engines, have different variables or have attributes that may differ.
 
ORACLE_6: Executed: on connection 0
SELECT statement  ORACLE_5
 
NOTE: There were 16758 observations read from the data set ORALIB.POPULATION_CHAR_BACKUP.
 
Summary Statistics for ORACLE are:
Total row fetch seconds were:                       0.006393
Total SQL execution seconds were:                   0.000658
Total SQL prepare seconds were:                     0.000262
Total seconds used by the ORACLE ACCESS engine were     0.010828
 
NOTE: The data set WORK.POPULATION_CHAR_BACKUP has 16758 observations and 4 variables.
 
ORACLE_7: Prepared: on connection 1
SELECT * FROM POP_GROWTH
 
 
Summary Statistics for ORACLE are:
Total SQL prepare seconds were:                     0.016595
Total seconds used by the ORACLE ACCESS engine were     0.016805
 
NOTE: Copying ORALIB.POP_GROWTH to WORK.POP_GROWTH (memtype=DATA).
 
ORACLE_8: Prepared: on connection 0
SELECT * FROM POP_GROWTH
10                                                         The SAS System                       Tuesday, August  4, 2026 09:17:01 PM

 
NOTE: BUFSIZE is not cloned when copying across different engines. System Option for BUFSIZE was used.
INFO: Data set block I/O cannot be used because:
INFO:   -  The data sets use different engines, have different variables or have attributes that may differ.
 
ORACLE_9: Executed: on connection 0
SELECT statement  ORACLE_8
 
NOTE: There were 16492 observations read from the data set ORALIB.POP_GROWTH.
 
Summary Statistics for ORACLE are:
Total row fetch seconds were:                       0.005726
Total SQL execution seconds were:                   0.000184
Total SQL prepare seconds were:                     0.000280
Total seconds used by the ORACLE ACCESS engine were     0.010124
 
NOTE: The data set WORK.POP_GROWTH has 16492 observations and 6 variables.
 
ORACLE_10: Prepared: on connection 1
SELECT * FROM GDP_WIDE
 
 
Summary Statistics for ORACLE are:
Total SQL prepare seconds were:                     0.007773
Total seconds used by the ORACLE ACCESS engine were     0.008034
 
NOTE: Copying ORALIB.GDP_WIDE to WORK.GDP_WIDE (memtype=DATA).
 
ORACLE_11: Prepared: on connection 0
SELECT * FROM GDP_WIDE
 
NOTE: BUFSIZE is not cloned when copying across different engines. System Option for BUFSIZE was used.
INFO: Data set block I/O cannot be used because:
INFO:   -  The data sets use different engines, have different variables or have attributes that may differ.
 
ORACLE_12: Executed: on connection 0
SELECT statement  ORACLE_11
 
NOTE: There were 266 observations read from the data set ORALIB.GDP_WIDE.
 
Summary Statistics for ORACLE are:
Total row fetch seconds were:                       0.004922
Total SQL execution seconds were:                   0.004141
Total SQL prepare seconds were:                     0.000434
Total seconds used by the ORACLE ACCESS engine were     0.012050
 
NOTE: The data set WORK.GDP_WIDE has 266 observations and 67 variables.
 
ORACLE_13: Prepared: on connection 1
SELECT * FROM REGIONS
 
 
Summary Statistics for ORACLE are:
Total SQL prepare seconds were:                     0.002509
Total seconds used by the ORACLE ACCESS engine were     0.002967
 
NOTE: Copying ORALIB.REGIONS to WORK.REGIONS (memtype=DATA).
 
11                                                         The SAS System                       Tuesday, August  4, 2026 09:17:01 PM

ORACLE_14: Prepared: on connection 0
SELECT * FROM REGIONS
 
NOTE: BUFSIZE is not cloned when copying across different engines. System Option for BUFSIZE was used.
INFO: Data set block I/O cannot be used because:
INFO:   -  The data sets use different engines, have different variables or have attributes that may differ.
 
ORACLE_15: Executed: on connection 0
SELECT statement  ORACLE_14
 
NOTE: There were 247 observations read from the data set ORALIB.REGIONS.
 
Summary Statistics for ORACLE are:
Total row fetch seconds were:                       0.000608
Total SQL execution seconds were:                   0.000270
Total SQL prepare seconds were:                     0.000303
Total seconds used by the ORACLE ACCESS engine were     0.002770
 
NOTE: The data set WORK.REGIONS has 247 observations and 2 variables.
NOTE: PROCEDURE COPY used (Total process time):
      real time           0.11 seconds
      user cpu time       0.03 seconds
      system cpu time     0.01 seconds
      memory              2481.56k
      OS Memory           30432.00k
      Timestamp           08/05/2026 04:17:01 AM
      Step Count                        75  Switch Count  39
      Page Faults                       0
      Page Reclaims                     577
      Page Swaps                        0
      Voluntary Context Switches        268
      Involuntary Context Switches      19
      Block Input Operations            0
      Block Output Operations           7856
      


NOTE: Deleting WORK.POPULATION (memtype=DATA).
NOTE: Changing the name WORK.POPULATION_CHAR_BACKUP to WORK.POPULATION (memtype=DATA).
NOTE: PROCEDURE DATASETS used (Total process time):
      real time           0.00 seconds
      user cpu time       0.00 seconds
      system cpu time     0.00 seconds
      memory              432.15k
      OS Memory           29312.00k
      Timestamp           08/05/2026 04:17:01 AM
      Step Count                        76  Switch Count  0
      Page Faults                       0
      Page Reclaims                     8
      Page Swaps                        0
      Voluntary Context Switches        0
      Involuntary Context Switches      11
      Block Input Operations            0
      Block Output Operations           8
      

NOTE: Libref ORALIB has been deassigned.

12                                                         The SAS System                       Tuesday, August  4, 2026 09:17:02 PM

NOTE: There were 3192 observations read from the data set WORK.POPULATION.
      WHERE INPUT(year, 4.) in (2000, 2002, 2004, 2006, 2008, 2010, 2012, 2014, 2016, 2018, 2021, 2022);
NOTE: SAS sort was used.
NOTE: The data set WORK.POPULATION_SORTED has 3192 observations and 4 variables.
NOTE: PROCEDURE SORT used (Total process time):
      real time           0.00 seconds
      user cpu time       0.01 seconds
      system cpu time     0.00 seconds
      memory              2156.93k
      OS Memory           29828.00k
      Timestamp           08/05/2026 04:17:02 AM
      Step Count                        77  Switch Count  0
      Page Faults                       0
      Page Reclaims                     39
      Page Swaps                        0
      Voluntary Context Switches        0
      Involuntary Context Switches      0
      Block Input Operations            0
      Block Output Operations           784
      


NOTE: There were 3192 observations read from the data set WORK.POP_GROWTH.
      WHERE year in (2000, 2002, 2004, 2006, 2008, 2010, 2012, 2014, 2016, 2018, 2021, 2022);
NOTE: SAS sort was used.
NOTE: The data set WORK.POP_GROWTH_SORTED has 3192 observations and 6 variables.
NOTE: PROCEDURE SORT used (Total process time):
      real time           0.00 seconds
      user cpu time       0.00 seconds
      system cpu time     0.01 seconds
      memory              2182.21k
      OS Memory           29828.00k
      Timestamp           08/05/2026 04:17:02 AM
      Step Count                        78  Switch Count  0
      Page Faults                       0
      Page Reclaims                     21
      Page Swaps                        0
      Voluntary Context Switches        0
      Involuntary Context Switches      0
      Block Input Operations            0
      Block Output Operations           784
      

NOTE: SAS threaded sort was used.
NOTE: Table WORK.POPULATION_INDICATORS created, with 3192 rows and 5 columns.

NOTE: PROCEDURE SQL used (Total process time):
      real time           0.01 seconds
      user cpu time       0.01 seconds
      system cpu time     0.00 seconds
      memory              15682.01k
      OS Memory           42664.00k
      Timestamp           08/05/2026 04:17:02 AM
      Step Count                        79  Switch Count  0
      Page Faults                       0
      Page Reclaims                     573
      Page Swaps                        0
      Voluntary Context Switches        32
13                                                         The SAS System                       Tuesday, August  4, 2026 09:17:02 PM

      Involuntary Context Switches      2
      Block Input Operations            0
      Block Output Operations           1424
      


NOTE: There were 263 observations read from the data set WORK.COUNTRIES.
NOTE: SAS sort was used.
NOTE: 0 observations with duplicate key values were deleted.
NOTE: The data set WORK.COUNTRIES_SORTED has 263 observations and 8 variables.
NOTE: PROCEDURE SORT used (Total process time):
      real time           0.00 seconds
      user cpu time       0.00 seconds
      system cpu time     0.00 seconds
      memory              877.03k
      OS Memory           29788.00k
      Timestamp           08/05/2026 04:17:02 AM
      Step Count                        80  Switch Count  0
      Page Faults                       0
      Page Reclaims                     9
      Page Swaps                        0
      Voluntary Context Switches        0
      Involuntary Context Switches      0
      Block Input Operations            0
      Block Output Operations           144
      


NOTE: There were 263 observations read from the data set WORK.COUNTRIES_SORTED.
NOTE: There were 3192 observations read from the data set WORK.POPULATION_INDICATORS.
NOTE: The data set WORK.COUNTRIES_POP_INDICATORS has 3192 observations and 12 variables.
NOTE: DATA statement used (Total process time):
      real time           0.00 seconds
      user cpu time       0.00 seconds
      system cpu time     0.00 seconds
      memory              939.34k
      OS Memory           29788.00k
      Timestamp           08/05/2026 04:17:02 AM
      Step Count                        81  Switch Count  0
      Page Faults                       0
      Page Reclaims                     9
      Page Swaps                        0
      Voluntary Context Switches        0
      Involuntary Context Switches      1
      Block Input Operations            0
      Block Output Operations           1928
      


NOTE: There were 266 observations read from the data set WORK.GDP_WIDE.
NOTE: The data set WORK.GDP_TRANSPOSE has 16758 observations and 6 variables.
NOTE: PROCEDURE TRANSPOSE used (Total process time):
      real time           0.00 seconds
      user cpu time       0.00 seconds
      system cpu time     0.00 seconds
      memory              2653.75k
      OS Memory           31840.00k
      Timestamp           08/05/2026 04:17:02 AM
14                                                         The SAS System                       Tuesday, August  4, 2026 09:17:02 PM

      Step Count                        82  Switch Count  1
      Page Faults                       0
      Page Reclaims                     11
      Page Swaps                        0
      Voluntary Context Switches        2
      Involuntary Context Switches      0
      Block Input Operations            0
      Block Output Operations           4624
      


NOTE: There were 16758 observations read from the data set WORK.GDP_TRANSPOSE.
NOTE: The data set WORK.GDP has 3192 observations and 6 variables.
NOTE: DATA statement used (Total process time):
      real time           0.00 seconds
      user cpu time       0.00 seconds
      system cpu time     0.00 seconds
      memory              686.81k
      OS Memory           29788.00k
      Timestamp           08/05/2026 04:17:02 AM
      Step Count                        83  Switch Count  0
      Page Faults                       0
      Page Reclaims                     9
      Page Swaps                        0
      Voluntary Context Switches        0
      Involuntary Context Switches      0
      Block Input Operations            0
      Block Output Operations           648
      


NOTE: There were 3192 observations read from the data set WORK.COUNTRIES_POP_INDICATORS.
NOTE: SAS sort was used.
NOTE: The data set WORK.COUNTRIES_POP_INDICATORS_SORTED has 3192 observations and 12 variables.
NOTE: PROCEDURE SORT used (Total process time):
      real time           0.00 seconds
      user cpu time       0.01 seconds
      system cpu time     0.00 seconds
      memory              3103.84k
      OS Memory           31332.00k
      Timestamp           08/05/2026 04:17:02 AM
      Step Count                        84  Switch Count  0
      Page Faults                       0
      Page Reclaims                     172
      Page Swaps                        0
      Voluntary Context Switches        0
      Involuntary Context Switches      0
      Block Input Operations            0
      Block Output Operations           1936
      


NOTE: There were 3192 observations read from the data set WORK.GDP.
NOTE: SAS sort was used.
NOTE: The data set WORK.GDP_SORTED has 3192 observations and 6 variables.
NOTE: PROCEDURE SORT used (Total process time):
      real time           0.00 seconds
      user cpu time       0.00 seconds
15                                                         The SAS System                       Tuesday, August  4, 2026 09:17:02 PM

      system cpu time     0.00 seconds
      memory              1511.53k
      OS Memory           29788.00k
      Timestamp           08/05/2026 04:17:02 AM
      Step Count                        85  Switch Count  0
      Page Faults                       0
      Page Reclaims                     9
      Page Swaps                        0
      Voluntary Context Switches        0
      Involuntary Context Switches      0
      Block Input Operations            0
      Block Output Operations           656
      


INFO: The variable COUNTRY_NAME on data set WORK.COUNTRIES_POP_INDICATORS_SORTED will be overwritten by data set WORK.GDP_SORTED.
NOTE: There were 3192 observations read from the data set WORK.COUNTRIES_POP_INDICATORS_SORTED.
NOTE: There were 3192 observations read from the data set WORK.GDP_SORTED.
NOTE: The data set WORK.COUNTRIES_POP_GDP_PARTIAL has 3192 observations and 15 variables.
NOTE: DATA statement used (Total process time):
      real time           0.00 seconds
      user cpu time       0.00 seconds
      system cpu time     0.00 seconds
      memory              940.15k
      OS Memory           29788.00k
      Timestamp           08/05/2026 04:17:02 AM
      Step Count                        86  Switch Count  0
      Page Faults                       0
      Page Reclaims                     9
      Page Swaps                        0
      Voluntary Context Switches        0
      Involuntary Context Switches      0
      Block Input Operations            0
      Block Output Operations           2184
      

NOTE: The query requires remerging summary statistics back with the original data.
NOTE: SAS threaded sort was used.
NOTE: Table WORK.COUNTRIES_POP_GDP created, with 3192 rows and 16 columns.

NOTE: PROCEDURE SQL used (Total process time):
      real time           0.00 seconds
      user cpu time       0.01 seconds
      system cpu time     0.01 seconds
      memory              19183.31k
      OS Memory           46468.00k
      Timestamp           08/05/2026 04:17:02 AM
      Step Count                        87  Switch Count  0
      Page Faults                       0
      Page Reclaims                     356
      Page Swaps                        0
      Voluntary Context Switches        57
      Involuntary Context Switches      0
      Block Input Operations            0
      Block Output Operations           4496
      

NOTE: SAS threaded sort was used.
16                                                         The SAS System                       Tuesday, August  4, 2026 09:17:02 PM

NOTE: Table WORK.SAME_CODES created, with 2556 rows and 4 columns.

NOTE: PROCEDURE SQL used (Total process time):
      real time           0.00 seconds
      user cpu time       0.00 seconds
      system cpu time     0.00 seconds
      memory              11149.54k
      OS Memory           37508.00k
      Timestamp           08/05/2026 04:17:02 AM
      Step Count                        88  Switch Count  0
      Page Faults                       0
      Page Reclaims                     168
      Page Swaps                        0
      Voluntary Context Switches        14
      Involuntary Context Switches      0
      Block Input Operations            0
      Block Output Operations           656
      

NOTE: SAS threaded sort was used.
NOTE: Table WORK.SAME_NAMES created, with 2196 rows and 4 columns.

NOTE: PROCEDURE SQL used (Total process time):
      real time           0.00 seconds
      user cpu time       0.00 seconds
      system cpu time     0.00 seconds
      memory              6547.53k
      OS Memory           34948.00k
      Timestamp           08/05/2026 04:17:02 AM
      Step Count                        89  Switch Count  0
      Page Faults                       0
      Page Reclaims                     182
      Page Swaps                        0
      Voluntary Context Switches        21
      Involuntary Context Switches      1
      Block Input Operations            0
      Block Output Operations           528
      


NOTE: There were 2556 observations read from the data set WORK.SAME_CODES.
NOTE: There were 2196 observations read from the data set WORK.SAME_NAMES.
NOTE: The data set WORK.COUNTRY_WITH_DUPS has 4752 observations and 4 variables.
NOTE: DATA statement used (Total process time):
      real time           0.00 seconds
      user cpu time       0.00 seconds
      system cpu time     0.00 seconds
      memory              801.09k
      OS Memory           29824.00k
      Timestamp           08/05/2026 04:17:02 AM
      Step Count                        90  Switch Count  0
      Page Faults                       0
      Page Reclaims                     9
      Page Swaps                        0
      Voluntary Context Switches        0
      Involuntary Context Switches      0
      Block Input Operations            0
      Block Output Operations           1032
17                                                         The SAS System                       Tuesday, August  4, 2026 09:17:02 PM

      


NOTE: There were 4752 observations read from the data set WORK.COUNTRY_WITH_DUPS.
NOTE: SAS sort was used.
NOTE: 4538 observations with duplicate key values were deleted.
NOTE: The data set WORK.COUNTRY_LOOKUP has 214 observations and 4 variables.
NOTE: PROCEDURE SORT used (Total process time):
      real time           0.00 seconds
      user cpu time       0.00 seconds
      system cpu time     0.01 seconds
      memory              3127.84k
      OS Memory           31368.00k
      Timestamp           08/05/2026 04:17:02 AM
      Step Count                        91  Switch Count  0
      Page Faults                       0
      Page Reclaims                     166
      Page Swaps                        0
      Voluntary Context Switches        0
      Involuntary Context Switches      0
      Block Input Operations            0
      Block Output Operations           144
      

                                                             Directory

Libref             WORK                                                                                                             
Engine             V9                                                                                                               
Physical Name      /opt/sas/viya/config/var/tmp/compsrv/default/aa984824-6436-4615-8806-f9b7f09569a8/                               
                   SAS_work9C2200000208_sas-compute-server-726d4df5-72f7-4354-8cd7-9e12a541ac8f-70                                  
Filename           /opt/sas/viya/config/var/tmp/compsrv/default/aa984824-6436-4615-8806-f9b7f09569a8/                               
                   SAS_work9C2200000208_sas-compute-server-726d4df5-72f7-4354-8cd7-9e12a541ac8f-70                                  
Inode Number       12325274                                                                                                         
Access Permission  rwx------                                                                                                        
Owner Name         UNKNOWN                                                                                                          
File Size          4KB                                                                                                              
File Size (bytes)  4096                                                                                                             


                                                           Member
                       #  Name                             Type         File Size  Last Modified

                       1  COUNTRIES                        DATA             128KB  08/05/2026 04:17:01        
                       2  COUNTRIES_POP_GDP                DATA               1MB  08/05/2026 04:17:02        
                       3  COUNTRIES_POP_GDP_PARTIAL        DATA               1MB  08/05/2026 04:17:02        
                       4  COUNTRIES_POP_INDICATORS         DATA               1MB  08/05/2026 04:17:02        
                       5  COUNTRIES_POP_INDICATORS_SORTED  DATA               1MB  08/05/2026 04:17:02        
                       6  COUNTRIES_SORTED                 DATA             128KB  08/05/2026 04:17:02        
                       7  COUNTRY_LOOKUP                   DATA             128KB  08/05/2026 04:17:02        
                       8  COUNTRY_WITH_DUPS                DATA             576KB  08/05/2026 04:17:02        
                       9  EXECUTION_TIMES                  DATA             128KB  08/05/2026 04:17:00        
                      10  GDP                              DATA             384KB  08/05/2026 04:17:02        
                      11  GDP_SORTED                       DATA             384KB  08/05/2026 04:17:02        
                      12  GDP_TRANSPOSE                    DATA               2MB  08/05/2026 04:17:02        
                      13  GDP_WIDE                         DATA             256KB  08/05/2026 04:17:01        
                      14  NEW_COUNTRIES_POP_GDP            DATA               1MB  08/05/2026 04:15:52        
                      15  NEW_COUNTRY_LOOKUP               DATA             128KB  08/05/2026 04:15:52        
                      16  ORIG_COUNTRIES_POP_GDP           DATA               1MB  08/05/2026 04:15:52        
18                                                         The SAS System                       Tuesday, August  4, 2026 09:17:02 PM

                                                           Member
                       #  Name                             Type         File Size  Last Modified

                      17  ORIG_COUNTRY_LOOKUP              DATA             128KB  08/05/2026 04:15:50        
                      18  POPULATION                       DATA               2MB  08/05/2026 04:17:01        
                      19  POPULATION_INDICATORS            DATA             320KB  08/05/2026 04:17:02        
                      20  POPULATION_SORTED                DATA             448KB  08/05/2026 04:17:02        
                      21  POP_GROWTH                       DATA               2MB  08/05/2026 04:17:01        
                      22  POP_GROWTH_SORTED                DATA             448KB  08/05/2026 04:17:02        
                      23  PROFILE                          CATALOG           12KB  08/05/2026 04:15:24        
                      24  REGIONS                          DATA             128KB  08/05/2026 04:17:01        
                      25  REGSTRY                          ITEMSTOR          32KB  08/05/2026 04:15:24        
                      26  SAME_CODES                       DATA             384KB  08/05/2026 04:17:02        
                      27  SAME_NAMES                       DATA             320KB  08/05/2026 04:17:02        
                      28  SASGOPT                          CATALOG           12KB  08/05/2026 04:15:47        
                      29  SASMAC3                          CATALOG           20KB  08/05/2026 04:17:00        
                      30  SASMACR                          CATALOG          168KB  08/05/2026 04:15:52        
NOTE: MODIFY was successful for WORK.COUNTRIES_POP_GDP.DATA.

NOTE: MODIFY was successful for WORK.COUNTRY_LOOKUP.DATA.
NOTE: PROCEDURE DATASETS used (Total process time):
      real time           0.02 seconds
      user cpu time       0.03 seconds
      system cpu time     0.00 seconds
      memory              1341.65k
      OS Memory           29824.00k
      Timestamp           08/05/2026 04:17:02 AM
      Step Count                        92  Switch Count  0
      Page Faults                       0
      Page Reclaims                     46
      Page Swaps                        0
      Voluntary Context Switches        2
      Involuntary Context Switches      2
      Block Input Operations            0
      Block Output Operations           296
      

NOTE: Libref ORALIB was successfully assigned as follows: 
      Engine:        ORACLE 
      Physical Name: //server.demo.sas.com:1521/ORCL
SCHEMA used:  STUDENT
 
ORACLE_1: Prepared: on connection 1
SELECT OBJECT_NAME ,OBJECT_TYPE  FROM  USER_OBJECTS  OBJ WHERE (OBJ.OBJECT_TYPE  IN  ('TABLE','VIEW'))
 
 
ORACLE_2: Executed: on connection 1
SELECT statement  ORACLE_1
 
                                                             Directory

                                         Libref            ORALIB                         
                                         Engine            ORACLE                         
                                         Physical Name     //server.demo.sas.com:1521/ORCL
                                         Schema/User       STUDENT                        
                                         Client version:   19.9.0.0.0                     
                                         Server version:   19.0.0.0.0                     

19                                                         The SAS System                       Tuesday, August  4, 2026 09:17:02 PM

                                                                                    DBMS
                                                                            Member  Member
                                           #  Name                          Type    Type

                                           1  COUNTRIES                     DATA    TABLE 
                                           2  COUNTRIES_POP_GDP_BKP_160706  DATA    TABLE 
                                           3  COUNTRIES_POP_GDP_NEW         DATA    TABLE 
                                           4  COUNTRIES_POP_INDICATORS      DATA    TABLE 
                                           5  COUNTRIES_POP_INDICATORS_ORA  DATA    TABLE 
                                           6  COUNTRY_LOOKUP_BKP_160706     DATA    TABLE 
                                           7  COUNTRY_LOOKUP_NEW            DATA    TABLE 
                                           8  GDP_WIDE                      DATA    TABLE 
                                           9  NOC_TO_WB_COUNTRY_LOOKUP      DATA    TABLE 
                                          10  POPULATION                    DATA    TABLE 
                                          11  POPULATION_CHAR_BACKUP        DATA    TABLE 
                                          12  POP_GROWTH                    DATA    TABLE 
                                          13  REGIONS                       DATA    TABLE 


 
Summary Statistics for ORACLE are:
Total row fetch seconds were:                       0.001564
Total SQL execution seconds were:                   0.009127
Total SQL prepare seconds were:                     0.018940
Total seconds used by the ORACLE ACCESS engine were     0.044262
 
NOTE: PROCEDURE DATASETS used (Total process time):
      real time           0.07 seconds
      user cpu time       0.03 seconds
      system cpu time     0.00 seconds
      memory              1208.37k
      OS Memory           30340.00k
      Timestamp           08/05/2026 04:17:02 AM
      Step Count                        93  Switch Count  2
      Page Faults                       0
      Page Reclaims                     75
      Page Swaps                        0
      Voluntary Context Switches        44
      Involuntary Context Switches      1
      Block Input Operations            0
      Block Output Operations           32
      


INFO: COPY with SELECT performance is in use.
NOTE: Copying WORK.COUNTRIES_POP_GDP to ORALIB.COUNTRIES_POP_GDP (memtype=DATA).
 
ORACLE_3: Prepared: on connection 1
SELECT * FROM COUNTRIES_POP_GDP
 
 
Summary Statistics for ORACLE are:
Total SQL prepare seconds were:                     0.000873
Total seconds used by the ORACLE ACCESS engine were     0.001338
 
NOTE: SAS variable labels, formats, and lengths are not written to DBMS tables.
INFO: Data set block I/O cannot be used because:
INFO:   -  The data sets use different engines, have different variables or have attributes that may differ.
20                                                         The SAS System                       Tuesday, August  4, 2026 09:17:03 PM

 
ORACLE_4: Executed: on connection 2
CREATE TABLE COUNTRIES_POP_GDP(COUNTRY_CODE VARCHAR2 (3 CHAR ),SHORT_NAME VARCHAR2 (50 CHAR ),SORTABLE_NAME VARCHAR2 (50 CHAR 
),LONG_NAME VARCHAR2 (73 CHAR ),ALPHA_2_CODE VARCHAR2 (2 CHAR ),REGION VARCHAR2 (26 CHAR ),INCOME_GROUP VARCHAR2 (19 CHAR 
),WB_2_CODE VARCHAR2 (2 CHAR ),COUNTRY_NAME VARCHAR2 (52 CHAR ),YEAR NUMBER ,POPULATION NUMBER ,POP_GROWTH NUMBER ,GDP NUMBER 
,GDP_Pct_Change NUMBER ,lagged_GDP NUMBER ,World_GDP NUMBER )
 
 
ORACLE_5: Prepared: on connection 2
INSERT  INTO COUNTRIES_POP_GDP 
(COUNTRY_CODE,SHORT_NAME,SORTABLE_NAME,LONG_NAME,ALPHA_2_CODE,REGION,INCOME_GROUP,WB_2_CODE,COUNTRY_NAME,YEAR,POPULATION,POP_GROWTH,
GDP,GDP_Pct_Change,lagged_GDP,World_GDP) VALUES 
(:COUNTRY_CODE,:SHORT_NAME,:SORTABLE_NAME,:LONG_NAME,:ALPHA_2_CODE,:REGION,:INCOME_GROUP,:WB_2_CODE,:COUNTRY_NAME,:YEAR,:POPULATION,
:POP_GROWTH,:GDP,:GDP_Pct_Change,:lagged_GDP,:World_GDP)
 
 
ORACLE_6: Executed: on connection 2
INSERT statement  ORACLE_5
 
 
ORACLE_7: Executed: on connection 2
INSERT statement  ORACLE_5
 
ORACLE:  *-*-*-*-*-*-* COMMIT *-*-*-*-*-*-*
 
ORACLE_8: Executed: on connection 2
INSERT statement  ORACLE_5
 
 
ORACLE_9: Executed: on connection 2
INSERT statement  ORACLE_5
 
ORACLE:  *-*-*-*-*-*-* COMMIT *-*-*-*-*-*-*
 
ORACLE_10: Executed: on connection 2
INSERT statement  ORACLE_5
 
 
ORACLE_11: Executed: on connection 2
INSERT statement  ORACLE_5
 
ORACLE:  *-*-*-*-*-*-* COMMIT *-*-*-*-*-*-*
NOTE: There were 3192 observations read from the data set WORK.COUNTRIES_POP_GDP.
 
ORACLE_12: Executed: on connection 2
INSERT statement  ORACLE_5
 
ORACLE:  *-*-*-*-*-*-* COMMIT *-*-*-*-*-*-*
NOTE: The data set ORALIB.COUNTRIES_POP_GDP has 3192 observations and 16 variables.
ORACLE:  *-*-*-*-*-*-* COMMIT *-*-*-*-*-*-*
ORACLE:  *-*-*-*-*-*-* COMMIT *-*-*-*-*-*-*
 
Summary Statistics for ORACLE are:
Total SQL execution seconds were:                   0.021942
Total SQL prepare seconds were:                     0.000916
Total SQL row insert seconds were:                  0.099938
Total seconds used by the ORACLE ACCESS engine were     0.151497
 
21                                                         The SAS System                       Tuesday, August  4, 2026 09:17:03 PM

NOTE: Copying WORK.COUNTRY_LOOKUP to ORALIB.COUNTRY_LOOKUP (memtype=DATA).
 
ORACLE_13: Prepared: on connection 1
SELECT * FROM COUNTRY_LOOKUP
 
 
Summary Statistics for ORACLE are:
Total SQL prepare seconds were:                     0.000938
Total seconds used by the ORACLE ACCESS engine were     0.001209
 
NOTE: SAS variable labels, formats, and lengths are not written to DBMS tables.
INFO: Data set block I/O cannot be used because:
INFO:   -  The data sets use different engines, have different variables or have attributes that may differ.
 
ORACLE_14: Executed: on connection 2
CREATE TABLE COUNTRY_LOOKUP(ISOALPHA3 VARCHAR2 (3 CHAR ),COUNTRY_CODE VARCHAR2 (3 CHAR ),IDNAME VARCHAR2 (44 CHAR ),COUNTRY_NAME 
VARCHAR2 (52 CHAR ))
 
 
ORACLE_15: Prepared: on connection 2
INSERT  INTO COUNTRY_LOOKUP (ISOALPHA3,COUNTRY_CODE,IDNAME,COUNTRY_NAME) VALUES (:ISOALPHA3,:COUNTRY_CODE,:IDNAME,:COUNTRY_NAME)
 
NOTE: There were 214 observations read from the data set WORK.COUNTRY_LOOKUP.
 
ORACLE_16: Executed: on connection 2
INSERT statement  ORACLE_15
 
ORACLE:  *-*-*-*-*-*-* COMMIT *-*-*-*-*-*-*
NOTE: The data set ORALIB.COUNTRY_LOOKUP has 214 observations and 4 variables.
ORACLE:  *-*-*-*-*-*-* COMMIT *-*-*-*-*-*-*
ORACLE:  *-*-*-*-*-*-* COMMIT *-*-*-*-*-*-*
 
Summary Statistics for ORACLE are:
Total SQL execution seconds were:                   0.012298
Total SQL prepare seconds were:                     0.000963
Total SQL row insert seconds were:                  0.015107
Total seconds used by the ORACLE ACCESS engine were     0.037352
 
NOTE: PROCEDURE COPY used (Total process time):
      real time           0.26 seconds
      user cpu time       0.02 seconds
      system cpu time     0.01 seconds
      memory              959.75k
      OS Memory           29824.00k
      Timestamp           08/05/2026 04:17:03 AM
      Step Count                        94  Switch Count  0
      Page Faults                       0
      Page Reclaims                     97
      Page Swaps                        0
      Voluntary Context Switches        100
      Involuntary Context Switches      2
      Block Input Operations            0
      Block Output Operations           8
      

 
ORACLE_17: Prepared: on connection 0
SELECT * FROM COUNTRIES_POP_GDP
22                                                         The SAS System                       Tuesday, August  4, 2026 09:17:03 PM

 

 
Summary Statistics for ORACLE are:
Total SQL prepare seconds were:                     0.017497
Total seconds used by the ORACLE ACCESS engine were     0.042617
 
NOTE: PROCEDURE CONTENTS used (Total process time):
      real time           0.04 seconds
      user cpu time       0.03 seconds
      system cpu time     0.00 seconds
      memory              608.68k
      OS Memory           29824.00k
      Timestamp           08/05/2026 04:17:03 AM
      Step Count                        95  Switch Count  0
      Page Faults                       0
      Page Reclaims                     29
      Page Swaps                        0
      Voluntary Context Switches        1
      Involuntary Context Switches      0
      Block Input Operations            0
      Block Output Operations           24
      
NOTE: The PROCEDURE CONTENTS printed page 16.

 
ORACLE_18: Prepared: on connection 0
SELECT * FROM COUNTRY_LOOKUP
 

 
Summary Statistics for ORACLE are:
Total SQL prepare seconds were:                     0.008670
Total seconds used by the ORACLE ACCESS engine were     0.026355
 
NOTE: PROCEDURE CONTENTS used (Total process time):
      real time           0.02 seconds
      user cpu time       0.01 seconds
      system cpu time     0.01 seconds
      memory              553.06k
      OS Memory           29824.00k
      Timestamp           08/05/2026 04:17:03 AM
      Step Count                        96  Switch Count  0
      Page Faults                       0
      Page Reclaims                     29
      Page Swaps                        0
      Voluntary Context Switches        1
      Involuntary Context Switches      0
      Block Input Operations            0
      Block Output Operations           8
      
NOTE: The PROCEDURE CONTENTS printed page 17.

 
ORACLE_19: Prepared: on connection 0
SELECT * FROM COUNTRIES_POP_GDP
 

23                                                         The SAS System                       Tuesday, August  4, 2026 09:17:03 PM

 
ORACLE_20: Executed: on connection 0
SELECT statement  ORACLE_19
 
NOTE: There were 3192 observations read from the data set ORALIB.COUNTRIES_POP_GDP.
 
Summary Statistics for ORACLE are:
Total row fetch seconds were:                       0.003218
Total SQL execution seconds were:                   0.000247
Total SQL prepare seconds were:                     0.000370
Total seconds used by the ORACLE ACCESS engine were     0.007103
 
NOTE: The data set WORK.ORIG_COUNTRIES_POP_GDP has 3192 observations and 16 variables.
NOTE: DATA statement used (Total process time):
      real time           0.00 seconds
      user cpu time       0.00 seconds
      system cpu time     0.00 seconds
      memory              1574.46k
      OS Memory           30340.00k
      Timestamp           08/05/2026 04:17:03 AM
      Step Count                        97  Switch Count  11
      Page Faults                       0
      Page Reclaims                     139
      Page Swaps                        0
      Voluntary Context Switches        64
      Involuntary Context Switches      0
      Block Input Operations            0
      Block Output Operations           2184
      

 
ORACLE_21: Prepared: on connection 0
SELECT * FROM COUNTRY_LOOKUP
 

 
ORACLE_22: Executed: on connection 0
SELECT statement  ORACLE_21
 
NOTE: There were 214 observations read from the data set ORALIB.COUNTRY_LOOKUP.
 
Summary Statistics for ORACLE are:
Total row fetch seconds were:                       0.000632
Total SQL execution seconds were:                   0.000182
Total SQL prepare seconds were:                     0.000225
Total seconds used by the ORACLE ACCESS engine were     0.002552
 
NOTE: The data set WORK.ORIG_COUNTRY_LOOKUP has 214 observations and 4 variables.
NOTE: DATA statement used (Total process time):
      real time           0.00 seconds
      user cpu time       0.00 seconds
      system cpu time     0.00 seconds
      memory              1503.03k
      OS Memory           30340.00k
      Timestamp           08/05/2026 04:17:03 AM
      Step Count                        98  Switch Count  1
      Page Faults                       0
      Page Reclaims                     50
24                                                         The SAS System                       Tuesday, August  4, 2026 09:17:03 PM

      Page Swaps                        0
      Voluntary Context Switches        7
      Involuntary Context Switches      0
      Block Input Operations            0
      Block Output Operations           136
      

NOTE: Libref ORALIB has been deassigned.

